MECHS: {'BREAK': 0, 'BREAK_TH': 3, 'ASSIST': 0, 'ASSIST_P': 0.15, 'ENRAGE': 0, 'INTERRUPT': 0, 'JOIN_LB_FRAC': -1.0}
===== WAVE 2 · ITERATION 1 (balanced) · knobs: {'FOXX_HP': 160, 'FOXX_ATK': 5, 'FOXX_M2': 6, 'FOXX_HP_EARLY': 95, 'FOXX_ATK_EARLY': 3, 'LITO_WM': 3, 'LITO_FREEZE': 1.0, 'CROWDWORK': 1, 'ULTIMA_DMG': 10, 'ROAST_RED': 1, 'RELIEF': 1, 'DADJOKE': 3, 'NULL_HP': 260, 'NULLR_HP': 320, 'NULLR_MB': 2, 'ZERO_HP': 300, 'PINJ_HP': 420, 'HAL_HP': 160, 'MIS_HP': 600, 'MIS_M2': 15, 'LADDER_ATK': 6, 'LADDER_ATK_HERO': 2} =====
row          |  OPT win  turns    sd    KO%  clutch |  NOISY win  turns    KO%  clutch
--------------------------------------------------------------------------------------
monolith5    |   100.0%    4.0  0.34   5.5%    5.5% |     100.0%    3.7   5.0%    5.0%
h5_5         |   100.0%    3.3  0.61   0.1%    0.1% |     100.0%    2.8   0.2%    0.2%
unknown5     |   100.0%    5.4  0.55  37.7%   37.7% |     100.0%    4.9  51.0%   51.0%
retry5       |   100.0%    3.8  0.36   0.0%    0.0% |     100.0%    3.4   0.0%    0.0%
foxxfight5   |   100.0%    4.0  0.19   4.0%    4.0% |     100.0%    3.7   3.6%    3.6%
foxxfight7   |   100.0%    3.8  0.38   0.0%    0.0% |     100.0%    3.3   0.1%    0.1%
monolith6    |   100.0%    3.7  0.46   0.7%    0.7% |     100.0%    3.1   1.3%    1.3%
h5_6         |   100.0%    2.5  0.50   0.0%    0.0% |     100.0%    2.2   0.0%    0.0%
unknown6     |   100.0%    4.7  0.46   6.8%    6.8% |     100.0%    4.0  15.3%   15.3%
retry6       |   100.0%    3.4  0.50   0.0%    0.0% |     100.0%    2.9   0.0%    0.0%
shark8       |   100.0%    1.9  0.36   0.0%    0.0% |     100.0%    1.3   0.0%    0.0%
botnet8      |   100.0%    2.0  0.14   0.0%    0.0% |     100.0%    1.5   0.0%    0.0%
phish8       |   100.0%    2.0  0.00   0.0%    0.0% |     100.0%    1.8   0.0%    0.0%
worm8        |   100.0%    2.0  0.00   0.0%    0.0% |     100.0%    2.2   0.0%    0.0%
zeroday8     |   100.0%    4.4  0.48   0.0%    0.0% |     100.0%    4.2   0.0%    0.0%
hacker8      |   100.0%    7.6  0.52   0.9%    0.9% |     100.0%    7.6   2.1%    2.1%
hacker9      |   100.0%    8.0  0.47   0.4%    0.4% |     100.0%    7.4   1.1%    1.1%
pinj9        |   100.0%    4.3  0.48   0.0%    0.0% |     100.0%    4.0   0.0%    0.0%
halluc9      |   100.0%    2.4  0.49   0.0%    0.0% |     100.0%    3.2   0.0%    0.0%
misalign10   |   100.0%    6.5  0.52   0.0%    0.0% |     100.0%    5.8   0.3%    0.3%
misalign12   |   100.0%    6.1  0.47   0.0%    0.0% |     100.0%    5.4   0.0%    0.0%
golemR       |   100.0%    2.0  0.00   0.0%    0.0% |     100.0%    1.9   0.0%    0.0%
flakyR       |   100.0%    2.1  0.32   0.0%    0.0% |     100.0%    1.9   1.9%    1.9%
h5R          |   100.0%    2.5  0.50   0.0%    0.0% |     100.0%    2.2   0.0%    0.0%
misalignR    |   100.0%    6.5  0.52   0.0%    0.0% |     100.0%    5.8   0.4%    0.4%
VALIDATION PASS (knobs frozen)
===== WAVE 2 · ITERATION 2 (balanced) · knobs: {'FOXX_HP': 160, 'FOXX_ATK': 5, 'FOXX_M2': 6, 'FOXX_HP_EARLY': 95, 'FOXX_ATK_EARLY': 3, 'LITO_WM': 3, 'LITO_FREEZE': 1.0, 'CROWDWORK': 1, 'ULTIMA_DMG': 10, 'ROAST_RED': 1, 'RELIEF': 1, 'DADJOKE': 3, 'NULL_HP': 260, 'NULLR_HP': 320, 'NULLR_MB': 2, 'ZERO_HP': 300, 'PINJ_HP': 420, 'HAL_HP': 160, 'MIS_HP': 600, 'MIS_M2': 15, 'LADDER_ATK': 6, 'LADDER_ATK_HERO': 2} =====
row          |  OPT win  turns    sd    KO%  clutch |  NOISY win  turns    KO%  clutch
--------------------------------------------------------------------------------------
monolith5    |   100.0%    4.0  0.34   5.5%    5.5% |     100.0%    3.7   5.5%    5.5%
h5_5         |   100.0%    3.3  0.60   0.1%    0.1% |     100.0%    2.8   0.2%    0.2%
unknown5     |   100.0%    5.4  0.56  38.3%   38.3% |     100.0%    4.9  51.4%   51.4%
retry5       |   100.0%    3.9  0.35   0.0%    0.0% |     100.0%    3.4   0.0%    0.0%
foxxfight5   |   100.0%    4.0  0.18   3.8%    3.8% |     100.0%    3.7   3.8%    3.8%
foxxfight7   |   100.0%    3.8  0.37   0.0%    0.0% |     100.0%    3.3   0.0%    0.0%
monolith6    |   100.0%    3.7  0.45   0.6%    0.6% |     100.0%    3.1   1.4%    1.4%
h5_6         |   100.0%    2.5  0.50   0.0%    0.0% |     100.0%    2.2   0.0%    0.0%
unknown6     |   100.0%    4.7  0.46   6.7%    6.7% |     100.0%    4.0  15.3%   15.3%
retry6       |   100.0%    3.4  0.50   0.0%    0.0% |     100.0%    2.9   0.0%    0.0%
shark8       |   100.0%    1.8  0.36   0.0%    0.0% |     100.0%    1.3   0.0%    0.0%
botnet8      |   100.0%    2.0  0.15   0.0%    0.0% |     100.0%    1.5   0.0%    0.0%
phish8       |   100.0%    2.0  0.00   0.0%    0.0% |     100.0%    1.8   0.0%    0.0%
worm8        |   100.0%    2.0  0.00   0.0%    0.0% |     100.0%    2.2   0.0%    0.0%
zeroday8     |   100.0%    4.3  0.48   0.0%    0.0% |     100.0%    4.2   0.0%    0.0%
hacker8      |   100.0%    7.6  0.52   0.9%    0.9% |     100.0%    7.6   2.2%    2.2%
hacker9      |   100.0%    8.1  0.47   0.3%    0.3% |     100.0%    7.4   1.0%    1.0%
pinj9        |   100.0%    4.4  0.48   0.0%    0.0% |     100.0%    4.0   0.0%    0.0%
halluc9      |   100.0%    2.4  0.49   0.0%    0.0% |     100.0%    3.2   0.0%    0.0%
misalign10   |   100.0%    6.5  0.52   0.0%    0.0% |     100.0%    5.8   0.3%    0.3%
misalign12   |   100.0%    6.1  0.46   0.0%    0.0% |     100.0%    5.4   0.1%    0.1%
golemR       |   100.0%    2.0  0.00   0.0%    0.0% |     100.0%    1.9   0.0%    0.0%
flakyR       |   100.0%    2.1  0.31   0.0%    0.0% |     100.0%    1.9   1.8%    1.8%
h5R          |   100.0%    2.5  0.50   0.0%    0.0% |     100.0%    2.2   0.0%    0.0%
misalignR    |   100.0%    6.5  0.52   0.0%    0.0% |     100.0%    5.8   0.3%    0.3%
VALIDATION PASS (knobs frozen)
===== WAVE 2 · ITERATION 3 (dynamic) · knobs: {'FOXX_HP': 160, 'FOXX_ATK': 5, 'FOXX_M2': 6, 'FOXX_HP_EARLY': 95, 'FOXX_ATK_EARLY': 3, 'LITO_WM': 3, 'LITO_FREEZE': 1.0, 'CROWDWORK': 1, 'ULTIMA_DMG': 10, 'ROAST_RED': 1, 'RELIEF': 1, 'DADJOKE': 3, 'NULL_HP': 260, 'NULLR_HP': 320, 'NULLR_MB': 2, 'ZERO_HP': 300, 'PINJ_HP': 420, 'HAL_HP': 160, 'MIS_HP': 600, 'MIS_M2': 15, 'LADDER_ATK': 6, 'LADDER_ATK_HERO': 2} =====
row          |  OPT win  turns    sd    KO%  clutch |  NOISY win  turns    KO%  clutch
--------------------------------------------------------------------------------------
monolith5    |   100.0%    3.9  0.25   2.7%    2.7% |     100.0%    3.6   3.4%    3.4%
h5_5         |   100.0%    3.0  0.40   0.0%    0.0% |     100.0%    2.6   0.0%    0.0%
unknown5     |   100.0%    5.3  0.57  35.9%   35.9% |     100.0%    4.7  46.8%   46.8%
retry5       |   100.0%    3.8  0.42   0.0%    0.0% |     100.0%    3.3   0.1%    0.1%
foxxfight5   |   100.0%    3.9  0.23   0.3%    0.3% |     100.0%    3.6   0.7%    0.7%
foxxfight7   |   100.0%    3.8  0.43   0.0%    0.0% |     100.0%    3.2   0.0%    0.0%
monolith6    |   100.0%    3.6  0.50   1.8%    1.8% |     100.0%    3.0   1.4%    1.4%
h5_6         |   100.0%    2.5  0.50   0.0%    0.0% |     100.0%    2.1   0.0%    0.0%
unknown6     |   100.0%    4.5  0.51  16.9%   16.9% |     100.0%    3.9  26.8%   26.8%
retry6       |   100.0%    3.4  0.50   0.0%    0.0% |     100.0%    2.8   0.0%    0.0%
shark8       |   100.0%    1.9  0.36   0.0%    0.0% |     100.0%    1.3   0.0%    0.0%
botnet8      |   100.0%    1.8  0.36   0.0%    0.0% |     100.0%    1.4   0.0%    0.0%
phish8       |   100.0%    2.0  0.00   0.0%    0.0% |     100.0%    1.8   0.0%    0.0%
worm8        |   100.0%    2.0  0.00   0.0%    0.0% |     100.0%    2.1   0.0%    0.0%
zeroday8     |   100.0%    4.2  0.43   0.0%    0.0% |     100.0%    4.1   0.0%    0.0%
hacker8      |   100.0%    7.6  0.52   1.9%    1.9% |     100.0%    7.4   3.6%    3.6%
hacker9      |   100.0%    8.0  0.51   0.9%    0.9% |     100.0%    7.2   2.0%    2.0%
pinj9        |   100.0%    4.2  0.37   0.0%    0.0% |     100.0%    3.9   0.0%    0.0%
halluc9      |   100.0%    2.4  0.48   0.0%    0.0% |     100.0%    3.1   0.0%    0.0%
misalign10   |   100.0%    6.4  0.50   0.1%    0.1% |     100.0%    5.7   0.8%    0.8%
misalign12   |   100.0%    6.0  0.45   0.0%    0.0% |     100.0%    5.2   0.1%    0.1%
golemR       |   100.0%    2.0  0.15   0.0%    0.0% |     100.0%    1.8   0.0%    0.0%
flakyR       |   100.0%    2.0  0.27   0.0%    0.0% |     100.0%    1.8   1.4%    1.4%
h5R          |   100.0%    2.4  0.50   0.0%    0.0% |     100.0%    2.1   0.0%    0.0%
misalignR    |   100.0%    6.4  0.50   0.0%    0.0% |     100.0%    5.7   0.7%    0.7%
VALIDATION PASS (knobs frozen)
===== WAVE 2 · ITERATION 4 (dynamic) · knobs: {'FOXX_HP': 160, 'FOXX_ATK': 5, 'FOXX_M2': 6, 'FOXX_HP_EARLY': 95, 'FOXX_ATK_EARLY': 3, 'LITO_WM': 3, 'LITO_FREEZE': 1.0, 'CROWDWORK': 1, 'ULTIMA_DMG': 10, 'ROAST_RED': 1, 'RELIEF': 1, 'DADJOKE': 3, 'NULL_HP': 260, 'NULLR_HP': 320, 'NULLR_MB': 2, 'ZERO_HP': 300, 'PINJ_HP': 420, 'HAL_HP': 160, 'MIS_HP': 600, 'MIS_M2': 15, 'LADDER_ATK': 6, 'LADDER_ATK_HERO': 2} =====
row          |  OPT win  turns    sd    KO%  clutch |  NOISY win  turns    KO%  clutch
--------------------------------------------------------------------------------------
monolith5    |   100.0%    3.9  0.25   2.7%    2.7% |     100.0%    3.6   3.3%    3.3%
h5_5         |   100.0%    3.0  0.40   0.0%    0.0% |     100.0%    2.6   0.0%    0.0%
unknown5     |   100.0%    5.3  0.58  36.8%   36.8% |     100.0%    4.7  46.8%   46.8%
retry5       |   100.0%    3.8  0.42   0.0%    0.0% |     100.0%    3.3   0.1%    0.1%
foxxfight5   |   100.0%    3.9  0.23   0.4%    0.4% |     100.0%    3.6   0.6%    0.6%
foxxfight7   |   100.0%    3.8  0.43   0.0%    0.0% |     100.0%    3.2   0.1%    0.1%
monolith6    |   100.0%    3.6  0.50   1.8%    1.8% |     100.0%    3.0   1.5%    1.5%
h5_6         |   100.0%    2.4  0.50   0.0%    0.0% |     100.0%    2.1   0.0%    0.0%
unknown6     |   100.0%    4.6  0.51  16.8%   16.8% |     100.0%    3.9  26.1%   26.1%
retry6       |   100.0%    3.4  0.50   0.0%    0.0% |     100.0%    2.8   0.0%    0.0%
shark8       |   100.0%    1.8  0.36   0.0%    0.0% |     100.0%    1.3   0.0%    0.0%
botnet8      |   100.0%    1.8  0.36   0.0%    0.0% |     100.0%    1.4   0.0%    0.0%
phish8       |   100.0%    2.0  0.00   0.0%    0.0% |     100.0%    1.8   0.0%    0.0%
worm8        |   100.0%    2.0  0.00   0.0%    0.0% |     100.0%    2.1   0.0%    0.0%
zeroday8     |   100.0%    4.2  0.43   0.0%    0.0% |     100.0%    4.1   0.0%    0.0%
hacker8      |   100.0%    7.6  0.52   1.8%    1.8% |     100.0%    7.4   3.6%    3.6%
hacker9      |   100.0%    8.0  0.51   1.0%    1.0% |     100.0%    7.1   2.4%    2.4%
pinj9        |   100.0%    4.2  0.36   0.0%    0.0% |     100.0%    3.9   0.0%    0.0%
halluc9      |   100.0%    2.4  0.49   0.0%    0.0% |     100.0%    3.1   0.0%    0.0%
misalign10   |   100.0%    6.4  0.50   0.0%    0.0% |     100.0%    5.7   0.7%    0.7%
misalign12   |   100.0%    6.0  0.45   0.0%    0.0% |     100.0%    5.2   0.1%    0.1%
golemR       |   100.0%    2.0  0.15   0.0%    0.0% |     100.0%    1.8   0.0%    0.0%
flakyR       |   100.0%    2.0  0.27   0.0%    0.0% |     100.0%    1.8   1.6%    1.6%
h5R          |   100.0%    2.4  0.50   0.0%    0.0% |     100.0%    2.1   0.0%    0.0%
misalignR    |   100.0%    6.4  0.50   0.0%    0.0% |     100.0%    5.7   0.8%    0.8%
VALIDATION PASS (knobs frozen)
----- ADVERSARIAL POLICIES (turtle / roast-max / nuke-rush) -----
  monolith6/turtle         win 100.0%  turns   4.0  KO%   5.2%
  h5_6/turtle              win 100.0%  turns   3.3  KO%   0.0%
  unknown6/turtle          win 100.0%  turns   5.3  KO%  25.5%
  retry6/turtle            win 100.0%  turns   3.8  KO%   0.0%
  hacker8/turtle           win 100.0%  turns   8.7  KO%   2.6%
  misalign10/turtle        win 100.0%  turns   7.7  KO%   0.1%
  monolith6/roastmax       win 100.0%  turns   3.9  KO%   0.0%
  h5_6/roastmax            win 100.0%  turns   2.9  KO%   0.0%
  unknown6/roastmax        win 100.0%  turns   5.1  KO%   4.2%
  retry6/roastmax          win 100.0%  turns   3.8  KO%   0.0%
  hacker8/roastmax         win 100.0%  turns   8.4  KO%   0.4%
  misalign10/roastmax      win 100.0%  turns   7.4  KO%   0.0%
  monolith6/nukerush       win 100.0%  turns   3.2  KO%   1.1%
  h5_6/nukerush            win 100.0%  turns   2.4  KO%   0.0%
  unknown6/nukerush        win 100.0%  turns   4.3  KO%   7.7%
  retry6/nukerush          win 100.0%  turns   3.3  KO%   0.0%
  hacker8/nukerush         win 100.0%  turns   7.5  KO%   1.0%
  misalign10/nukerush      win 100.0%  turns   6.2  KO%   0.0%
wave 2 simulated battles: 2,616,000
final tunable knobs: {'FOXX_HP': 160, 'FOXX_ATK': 5, 'FOXX_M2': 6, 'FOXX_HP_EARLY': 95, 'FOXX_ATK_EARLY': 3, 'LITO_WM': 3, 'LITO_FREEZE': 1.0, 'CROWDWORK': 1, 'ULTIMA_DMG': 10, 'ROAST_RED': 1, 'RELIEF': 1, 'DADJOKE': 3, 'NULL_HP': 260, 'NULLR_HP': 320, 'NULLR_MB': 2, 'ZERO_HP': 300, 'PINJ_HP': 420, 'HAL_HP': 160, 'MIS_HP': 600, 'MIS_M2': 15, 'LADDER_ATK': 6, 'LADDER_ATK_HERO': 2}
