MECHS: {'BREAK': 0, 'BREAK_TH': 3, 'ASSIST': 0, 'ASSIST_P': 0.15, 'ENRAGE': 0, 'INTERRUPT': 0, 'JOIN_LB_FRAC': -1.0}
===== WAVE 2 · ITERATION 1 (balanced) · knobs: {'FOXX_HP': 160, 'FOXX_ATK': 5, 'FOXX_M2': 6, 'FOXX_HP_EARLY': 95, 'FOXX_ATK_EARLY': 3, 'LITO_WM': 3, 'LITO_FREEZE': 1.0, 'CROWDWORK': 1, 'ULTIMA_DMG': 10, 'ROAST_RED': 1, 'RELIEF': 1, 'DADJOKE': 3, 'NULL_HP': 260, 'NULLR_HP': 320, 'NULLR_MB': 2, 'ZERO_HP': 300, 'PINJ_HP': 420, 'HAL_HP': 160, 'MIS_HP': 600, 'MIS_M2': 15} =====
row          |  OPT win  turns    sd    KO%  clutch |  NOISY win  turns    KO%  clutch
--------------------------------------------------------------------------------------
monolith5    |   100.0%    4.7  0.49   6.3%    6.3% |     100.0%    4.6   8.3%    8.3%
h5_5         |   100.0%    3.5  0.52   0.1%    0.1% |     100.0%    3.2   1.0%    1.0%
unknown5     |   100.0%    6.0  0.58  42.3%   42.3% |      99.8%    5.9  58.9%   58.7%
retry5       |   100.0%    4.0  0.38   0.0%    0.0% |     100.0%    3.8   0.1%    0.1%
foxxfight5   |   100.0%    4.6  0.49   4.0%    4.0% |     100.0%    4.5   6.0%    6.0%
foxxfight7   |   100.0%    4.2  0.48   0.0%    0.0% |     100.0%    3.9   0.1%    0.1%
monolith6    |   100.0%    3.9  0.27   0.6%    0.6% |     100.0%    3.7   2.2%    2.2%
h5_6         |   100.0%    2.7  0.46   0.0%    0.0% |     100.0%    2.6   0.0%    0.0%
unknown6     |   100.0%    5.1  0.48   7.0%    7.0% |     100.0%    4.7  18.7%   18.7%
retry6       |   100.0%    3.6  0.50   0.0%    0.0% |     100.0%    3.2   0.0%    0.0%
shark8       |   100.0%    1.8  0.36   0.0%    0.0% |     100.0%    1.5   0.0%    0.0%
botnet8      |   100.0%    2.0  0.15   0.0%    0.0% |     100.0%    1.7   0.0%    0.0%
phish8       |   100.0%    2.0  0.00   0.0%    0.0% |     100.0%    1.9   0.0%    0.0%
worm8        |   100.0%    2.0  0.00   0.0%    0.0% |     100.0%    2.3   0.0%    0.0%
zeroday8     |   100.0%    4.6  0.48   0.0%    0.0% |     100.0%    4.7   0.0%    0.0%
hacker8      |   100.0%    8.3  0.49   1.7%    1.7% |     100.0%    8.6   4.0%    4.0%
hacker9      |   100.0%    8.5  0.54   0.9%    0.9% |     100.0%    8.3   1.9%    1.9%
pinj9        |   100.0%    4.6  0.49   0.0%    0.0% |     100.0%    4.5   0.0%    0.0%
halluc9      |   100.0%    2.7  0.47   0.0%    0.0% |     100.0%    3.5   0.0%    0.0%
misalign10   |   100.0%    7.0  0.57   0.0%    0.0% |     100.0%    6.6   0.5%    0.5%
misalign12   |   100.0%    6.4  0.57   0.0%    0.0% |     100.0%    5.9   0.1%    0.1%
golemR       |   100.0%    2.0  0.00   0.0%    0.0% |     100.0%    2.0   0.0%    0.0%
flakyR       |   100.0%    2.2  0.40   0.6%    0.6% |     100.0%    2.2   3.6%    3.6%
h5R          |   100.0%    2.7  0.47   0.0%    0.0% |     100.0%    2.6   0.0%    0.0%
misalignR    |   100.0%    7.0  0.57   0.0%    0.0% |     100.0%    6.6   0.5%    0.5%
VALIDATION PASS (knobs frozen)
===== WAVE 2 · ITERATION 2 (balanced) · knobs: {'FOXX_HP': 160, 'FOXX_ATK': 5, 'FOXX_M2': 6, 'FOXX_HP_EARLY': 95, 'FOXX_ATK_EARLY': 3, 'LITO_WM': 3, 'LITO_FREEZE': 1.0, 'CROWDWORK': 1, 'ULTIMA_DMG': 10, 'ROAST_RED': 1, 'RELIEF': 1, 'DADJOKE': 3, 'NULL_HP': 260, 'NULLR_HP': 320, 'NULLR_MB': 2, 'ZERO_HP': 300, 'PINJ_HP': 420, 'HAL_HP': 160, 'MIS_HP': 600, 'MIS_M2': 15} =====
row          |  OPT win  turns    sd    KO%  clutch |  NOISY win  turns    KO%  clutch
--------------------------------------------------------------------------------------
monolith5    |   100.0%    4.7  0.49   6.5%    6.5% |     100.0%    4.6   8.4%    8.4%
h5_5         |   100.0%    3.5  0.52   0.1%    0.1% |     100.0%    3.2   1.0%    1.0%
unknown5     |   100.0%    6.0  0.58  42.3%   42.3% |      99.8%    5.9  57.9%   57.6%
retry5       |   100.0%    4.0  0.38   0.0%    0.0% |     100.0%    3.8   0.1%    0.1%
foxxfight5   |   100.0%    4.6  0.49   4.1%    4.1% |     100.0%    4.5   5.9%    5.9%
foxxfight7   |   100.0%    4.2  0.48   0.0%    0.0% |     100.0%    3.9   0.1%    0.1%
monolith6    |   100.0%    3.9  0.27   0.5%    0.5% |     100.0%    3.7   2.3%    2.3%
h5_6         |   100.0%    2.7  0.47   0.0%    0.0% |     100.0%    2.6   0.0%    0.0%
unknown6     |   100.0%    5.1  0.48   7.2%    7.2% |     100.0%    4.7  18.4%   18.4%
retry6       |   100.0%    3.6  0.50   0.0%    0.0% |     100.0%    3.2   0.0%    0.0%
shark8       |   100.0%    1.8  0.36   0.0%    0.0% |     100.0%    1.5   0.0%    0.0%
botnet8      |   100.0%    2.0  0.15   0.0%    0.0% |     100.0%    1.7   0.0%    0.0%
phish8       |   100.0%    2.0  0.00   0.0%    0.0% |     100.0%    1.9   0.0%    0.0%
worm8        |   100.0%    2.0  0.00   0.0%    0.0% |     100.0%    2.3   0.0%    0.0%
zeroday8     |   100.0%    4.6  0.48   0.0%    0.0% |     100.0%    4.7   0.0%    0.0%
hacker8      |   100.0%    8.3  0.48   1.7%    1.7% |     100.0%    8.6   3.8%    3.8%
hacker9      |   100.0%    8.5  0.54   0.8%    0.8% |     100.0%    8.3   1.7%    1.7%
pinj9        |   100.0%    4.6  0.49   0.0%    0.0% |     100.0%    4.5   0.0%    0.0%
halluc9      |   100.0%    2.7  0.47   0.0%    0.0% |     100.0%    3.5   0.0%    0.0%
misalign10   |   100.0%    7.0  0.57   0.0%    0.0% |     100.0%    6.6   0.4%    0.4%
misalign12   |   100.0%    6.4  0.57   0.0%    0.0% |     100.0%    6.0   0.1%    0.1%
golemR       |   100.0%    2.0  0.00   0.0%    0.0% |     100.0%    2.0   0.0%    0.0%
flakyR       |   100.0%    2.1  0.39   0.6%    0.6% |     100.0%    2.2   3.8%    3.8%
h5R          |   100.0%    2.7  0.46   0.0%    0.0% |     100.0%    2.6   0.0%    0.0%
misalignR    |   100.0%    7.0  0.57   0.0%    0.0% |     100.0%    6.6   0.5%    0.5%
VALIDATION PASS (knobs frozen)
===== WAVE 2 · ITERATION 3 (dynamic) · knobs: {'FOXX_HP': 160, 'FOXX_ATK': 5, 'FOXX_M2': 6, 'FOXX_HP_EARLY': 95, 'FOXX_ATK_EARLY': 3, 'LITO_WM': 3, 'LITO_FREEZE': 1.0, 'CROWDWORK': 1, 'ULTIMA_DMG': 10, 'ROAST_RED': 1, 'RELIEF': 1, 'DADJOKE': 3, 'NULL_HP': 260, 'NULLR_HP': 320, 'NULLR_MB': 2, 'ZERO_HP': 300, 'PINJ_HP': 420, 'HAL_HP': 160, 'MIS_HP': 600, 'MIS_M2': 15} =====
row          |  OPT win  turns    sd    KO%  clutch |  NOISY win  turns    KO%  clutch
--------------------------------------------------------------------------------------
monolith5    |   100.0%    4.5  0.51   3.5%    3.5% |     100.0%    4.3   6.0%    6.0%
h5_5         |   100.0%    3.4  0.54   0.0%    0.0% |     100.0%    3.1   0.2%    0.2%
unknown5     |    99.9%    5.8  0.66  41.1%   41.0% |      99.6%    5.6  53.7%   53.3%
retry5       |   100.0%    3.9  0.33   0.1%    0.1% |     100.0%    3.7   0.2%    0.2%
foxxfight5   |   100.0%    4.4  0.50   0.4%    0.4% |     100.0%    4.3   1.6%    1.6%
foxxfight7   |   100.0%    3.9  0.31   0.0%    0.0% |     100.0%    3.7   0.1%    0.1%
monolith6    |   100.0%    3.8  0.38   2.0%    2.0% |     100.0%    3.6   2.9%    2.9%
h5_6         |   100.0%    2.6  0.49   0.0%    0.0% |     100.0%    2.5   0.0%    0.0%
unknown6     |   100.0%    4.9  0.46  16.4%   16.4% |     100.0%    4.5  30.3%   30.3%
retry6       |   100.0%    3.4  0.51   0.0%    0.0% |     100.0%    3.1   0.0%    0.0%
shark8       |   100.0%    1.8  0.36   0.0%    0.0% |     100.0%    1.4   0.0%    0.0%
botnet8      |   100.0%    1.8  0.36   0.0%    0.0% |     100.0%    1.6   0.0%    0.0%
phish8       |   100.0%    2.0  0.00   0.0%    0.0% |     100.0%    1.9   0.0%    0.0%
worm8        |   100.0%    2.0  0.00   0.0%    0.0% |     100.0%    2.2   0.0%    0.0%
zeroday8     |   100.0%    4.5  0.50   0.0%    0.0% |     100.0%    4.5   0.0%    0.0%
hacker8      |   100.0%    8.2  0.43   3.0%    3.0% |     100.0%    8.4   6.1%    6.1%
hacker9      |   100.0%    8.4  0.53   1.5%    1.5% |     100.0%    8.1   2.9%    2.9%
pinj9        |   100.0%    4.4  0.49   0.0%    0.0% |     100.0%    4.3   0.0%    0.0%
halluc9      |   100.0%    2.6  0.49   0.0%    0.0% |     100.0%    3.4   0.0%    0.0%
misalign10   |   100.0%    6.8  0.56   0.1%    0.1% |     100.0%    6.4   1.1%    1.1%
misalign12   |   100.0%    6.3  0.54   0.0%    0.0% |     100.0%    5.8   0.3%    0.3%
golemR       |   100.0%    2.0  0.14   0.0%    0.0% |     100.0%    2.0   0.0%    0.0%
flakyR       |   100.0%    2.1  0.31   0.0%    0.0% |     100.0%    2.0   2.4%    2.4%
h5R          |   100.0%    2.6  0.49   0.0%    0.0% |     100.0%    2.5   0.0%    0.0%
misalignR    |   100.0%    6.8  0.56   0.1%    0.1% |     100.0%    6.4   1.1%    1.1%
VALIDATION PASS (knobs frozen)
===== WAVE 2 · ITERATION 4 (dynamic) · knobs: {'FOXX_HP': 160, 'FOXX_ATK': 5, 'FOXX_M2': 6, 'FOXX_HP_EARLY': 95, 'FOXX_ATK_EARLY': 3, 'LITO_WM': 3, 'LITO_FREEZE': 1.0, 'CROWDWORK': 1, 'ULTIMA_DMG': 10, 'ROAST_RED': 1, 'RELIEF': 1, 'DADJOKE': 3, 'NULL_HP': 260, 'NULLR_HP': 320, 'NULLR_MB': 2, 'ZERO_HP': 300, 'PINJ_HP': 420, 'HAL_HP': 160, 'MIS_HP': 600, 'MIS_M2': 15} =====
row          |  OPT win  turns    sd    KO%  clutch |  NOISY win  turns    KO%  clutch
--------------------------------------------------------------------------------------
monolith5    |   100.0%    4.5  0.51   3.4%    3.4% |     100.0%    4.3   6.1%    6.1%
h5_5         |   100.0%    3.4  0.54   0.0%    0.0% |     100.0%    3.1   0.2%    0.2%
unknown5     |    99.9%    5.8  0.66  41.8%   41.7% |      99.6%    5.6  53.7%   53.2%
retry5       |   100.0%    3.9  0.33   0.0%    0.0% |     100.0%    3.7   0.2%    0.2%
foxxfight5   |   100.0%    4.4  0.50   0.3%    0.3% |     100.0%    4.2   1.6%    1.6%
foxxfight7   |   100.0%    3.9  0.31   0.0%    0.0% |     100.0%    3.7   0.1%    0.1%
monolith6    |   100.0%    3.8  0.38   2.1%    2.1% |     100.0%    3.5   3.0%    3.0%
h5_6         |   100.0%    2.6  0.49   0.0%    0.0% |     100.0%    2.5   0.0%    0.0%
unknown6     |   100.0%    4.9  0.47  16.2%   16.2% |     100.0%    4.5  30.3%   30.3%
retry6       |   100.0%    3.4  0.51   0.0%    0.0% |     100.0%    3.1   0.0%    0.0%
shark8       |   100.0%    1.8  0.36   0.0%    0.0% |     100.0%    1.4   0.0%    0.0%
botnet8      |   100.0%    1.8  0.36   0.0%    0.0% |     100.0%    1.6   0.0%    0.0%
phish8       |   100.0%    2.0  0.00   0.0%    0.0% |     100.0%    1.9   0.0%    0.0%
worm8        |   100.0%    2.0  0.00   0.0%    0.0% |     100.0%    2.2   0.0%    0.0%
zeroday8     |   100.0%    4.5  0.50   0.0%    0.0% |     100.0%    4.5   0.0%    0.0%
hacker8      |   100.0%    8.2  0.43   2.9%    2.9% |     100.0%    8.4   5.8%    5.8%
hacker9      |   100.0%    8.4  0.54   1.5%    1.5% |     100.0%    8.0   3.2%    3.2%
pinj9        |   100.0%    4.4  0.49   0.0%    0.0% |     100.0%    4.3   0.0%    0.0%
halluc9      |   100.0%    2.6  0.49   0.0%    0.0% |     100.0%    3.4   0.0%    0.0%
misalign10   |   100.0%    6.8  0.56   0.1%    0.1% |     100.0%    6.4   1.2%    1.2%
misalign12   |   100.0%    6.3  0.53   0.0%    0.0% |     100.0%    5.8   0.3%    0.3%
golemR       |   100.0%    2.0  0.15   0.0%    0.0% |     100.0%    2.0   0.0%    0.0%
flakyR       |   100.0%    2.1  0.32   0.0%    0.0% |     100.0%    2.0   2.5%    2.5%
h5R          |   100.0%    2.6  0.49   0.0%    0.0% |     100.0%    2.5   0.0%    0.0%
misalignR    |   100.0%    6.8  0.56   0.1%    0.1% |     100.0%    6.4   1.2%    1.2%
VALIDATION PASS (knobs frozen)
----- ADVERSARIAL POLICIES (turtle / roast-max / nuke-rush) -----
  monolith6/turtle         win 100.0%  turns   4.7  KO%   6.0%
  h5_6/turtle              win 100.0%  turns   3.5  KO%   0.0%
  unknown6/turtle          win 100.0%  turns   5.9  KO%  28.7%
  retry6/turtle            win 100.0%  turns   4.0  KO%   0.0%
  hacker8/turtle           win 100.0%  turns   9.7  KO%   6.2%
  misalign10/turtle        win 100.0%  turns   8.3  KO%   0.1%
  monolith6/roastmax       win 100.0%  turns   4.3  KO%   0.0%
  h5_6/roastmax            win 100.0%  turns   3.3  KO%   0.0%
  unknown6/roastmax        win 100.0%  turns   5.6  KO%   5.7%
  retry6/roastmax          win 100.0%  turns   3.9  KO%   0.0%
  hacker8/roastmax         win 100.0%  turns   9.3  KO%   2.3%
  misalign10/roastmax      win 100.0%  turns   7.9  KO%   0.0%
  monolith6/nukerush       win 100.0%  turns   3.6  KO%   1.8%
  h5_6/nukerush            win 100.0%  turns   2.4  KO%   0.0%
  unknown6/nukerush        win 100.0%  turns   4.7  KO%  11.5%
  retry6/nukerush          win 100.0%  turns   3.3  KO%   0.0%
  hacker8/nukerush         win 100.0%  turns   8.4  KO%   2.0%
  misalign10/nukerush      win 100.0%  turns   6.8  KO%   0.0%
wave 2 simulated battles: 6,104,000
final tunable knobs: {'FOXX_HP': 160, 'FOXX_ATK': 5, 'FOXX_M2': 6, 'FOXX_HP_EARLY': 95, 'FOXX_ATK_EARLY': 3, 'LITO_WM': 3, 'LITO_FREEZE': 1.0, 'CROWDWORK': 1, 'ULTIMA_DMG': 10, 'ROAST_RED': 1, 'RELIEF': 1, 'DADJOKE': 3, 'NULL_HP': 260, 'NULLR_HP': 320, 'NULLR_MB': 2, 'ZERO_HP': 300, 'PINJ_HP': 420, 'HAL_HP': 160, 'MIS_HP': 600, 'MIS_M2': 15}
